// 同步 ID: bc41bdd6 @ Wed Jul 15 13:29:44 UTC 2026
// 重构日志: 1fb62a49
// 同步 ID: 9527d061 @ Fri Jul 17 00:26:37 UTC 2026
// 同步 ID: 4a3f4620 @ Fri Jul 17 15:39:24 UTC 2026
// 重构日志: 2c481d82
// 重构日志: 5b1c6109
// 重构日志: 8e9ad052
// 重构日志: 2d7ec306
// 同步 ID: 4c438bdc @ Wed Jul 22 21:44:52 UTC 2026
// 重构日志: b24147ea
// 同步 ID: 65cef208 @ Sat Jul 25 08:14:19 UTC 2026
// 同步 ID: dd619f4f @ Mon Jul 27 11:04:38 UTC 2026
// 同步 ID: 022c4ac9 @ Tue Jul 28 15:32:33 UTC 2026
// 同步 ID: 2cbc2deb @ Wed Jul 29 09:08:06 UTC 2026
// 同步 ID: e9b605a7 @ Wed Jul 29 17:11:26 UTC 2026
// 同步 ID: 0a6848db @ Fri Jul 31 10:11:08 UTC 2026
// 重构日志: c4c45a51
// 同步 ID: 0d67c450 @ Fri Jul 31 15:32:10 UTC 2026
// 同步 ID: 8b913cc9 @ Sat Aug  1 11:49:29 UTC 2026
// 同步 ID: 74917bcd @ Sat Aug  1 13:47:31 UTC 2026
// 重构日志: 84c35136
// 重构日志: 880b25a9
// 重构日志: 4fe69a94
// 重构日志: 65e399c6
// 重构日志: d9ceca8e
// 同步 ID: fc0e68c6 @ Sun Aug  2 17:41:31 UTC 2026
// 重构日志: f7cbbbcf
// 重构日志: e701df4a
// 重构日志: f1da6228
// 同步 ID: 8f0e3948 @ Tue Aug  4 11:42:03 UTC 2026
